SQL> SELECT * FROM TAB;

TNAME                          TABTYPE  CLUSTERID                               
------------------------------ ------- ----------                               
DEPT                           TABLE                                            
EMP                            TABLE                                            
BONUS                          TABLE                                            
SALGRADE                       TABLE                                            

SQL> CREATE TABLE COURSE(CID NUMBER(5) PRIMARY KEY, CNAME VARCHAR(10) UNIQUE, FEES NUMBER(5) CHECK(FEES<20000), DURATION VARCHAR(20));

Table created.

SQL> CREATE TABLE STUDENT(SID NUMBER(5) PK, SNAME VARCHAR(10) NOT NULL, AGE NUMBER(3) CHECK(AGE>=18), DOB DATE, GENDER VARCHAR(20), CID REFERENCES COURSE(CID));
CREATE TABLE STUDENT(SID NUMBER(5) PK, SNAME VARCHAR(10) NOT NULL, AGE NUMBER(3) CHECK(AGE>=18), DOB DATE, GENDER VARCHAR(20), CID REFERENCES COURSE(CID))
                                   *
ERROR at line 1:
ORA-00907: missing right parenthesis 


SQL> CREATE TABLE STUDENT(SID NUMBER(5) PRIMARY KEY, SNAME VARCHAR(10) NOT NULL, AGE NUMBER(3) CHECK(AGE>=18), DOB DATE, GENDER VARCHAR(20), CID REFERENCES COURSE(CID));

Table created.

SQL> CREATE TABLE PRODUCT(PID NUMBER(10) PRIMARY KEY, PNAME VARCHAR(10), PRICE NUMBER(5));

Table created.

SQL> CREATE TABLE CUSTOMERS(CID NUMBER(10) PRIMARY KEY, CNAME VARCHAR(20), CAGE NUMBER(3), PID NUMBER(10) REFERENCES PRODUCT(PID));

Table created.

SQL> CREATE TABLE AUTHOR(AID NUMBER(10) PRIMARY KEY, ANAME VARCHAR(10), AAGE(23));
CREATE TABLE AUTHOR(AID NUMBER(10) PRIMARY KEY, ANAME VARCHAR(10), AAGE(23))
                                                                       *
ERROR at line 1:
ORA-00902: invalid datatype 


SQL> CREATE TABLE AUTHOR(AID NUMBER(10) PRIMARY KEY, ANAME VARCHAR(10), AAGE NUMBER(23));

Table created.

SQL> CREATE TABLE BOOK(BID NUMBER(10) PRIMARY KEY, BNAME VARCHAR(20), PRICE NUMBER(3), AID(10) REFERENCES AUTHOR(AID));
CREATE TABLE BOOK(BID NUMBER(10) PRIMARY KEY, BNAME VARCHAR(20), PRICE NUMBER(3), AID(10) REFERENCES AUTHOR(AID))
                                                                                     *
ERROR at line 1:
ORA-00902: invalid datatype 


SQL> CREATE TABLE BOOK(BID NUMBER(10) PRIMARY KEY, BNAME VARCHAR(20), PRICE NUMBER(3), AID(10) REFERSC CLR
  2  
SQL> CREATE TABLE BOOK(BID NUMBER(10) PRIMARY KEY, BNAME VARCHAR(20), PRICE NUMBER(3), AID NUMBER(10) REFERENCES AUTHOR(AID));

Table created.

SQL> CREATE TABLE DOCTOR(DID NUMBER(10) PRIMARY KEY, DNAME VARCHAR(10), PRICE NUMBER(3));

Table created.

SQL> CREATE TABLE PATIENT(PID NUMBER(10) PRIMARY KEY, PNAME VARCHAR(10), PAGE NUMBER(23), DID(10) REFERENCES DOCTOR(DID));
CREATE TABLE PATIENT(PID NUMBER(10) PRIMARY KEY, PNAME VARCHAR(10), PAGE NUMBER(23), DID(10) REFERENCES DOCTOR(DID))
                                                                                        *
ERROR at line 1:
ORA-00902: invalid datatype 


SQL> CREATE TABLE PATIENT(PID NUMBER(10) PRIMARY KEY, PNAME VARCHAR(10), PAGE NUMBER(23), DID NUMBER(10) REFERENCES DOCTOR(DID));

Table created.

SQL> SPOOL OFF
